workload=com.yahoo.ycsb.workloads.CoreWorkload
recordcount=1000
operationcount=1000
readallfields=true
readproportion=0.514
updateproportion=0.486
scanproportion=0.0
insertproportion=0.0
requestdistribution=zipfian
