workload=com.yahoo.ycsb.workloads.CoreWorkload
recordcount=1000
operationcount=1000
readallfields=true
readproportion=1.0
updateproportion=0.0
scanproportion=0.0
insertproportion=0.0
requestdistribution=zipfian
