workload=com.yahoo.ycsb.workloads.CoreWorkload
recordcount=1000
operationcount=1000
readallfields=true
readproportion=0.0
updateproportion=0.0
scanproportion=0.948
insertproportion=0.052
requestdistribution=zipfian
