workload=com.yahoo.ycsb.workloads.CoreWorkload
recordcount=1000
operationcount=1000
readallfields=true
readproportion=0.0
updateproportion=0.0
scanproportion=0.498
insertproportion=0.502
requestdistribution=zipfian
