workload=com.yahoo.ycsb.workloads.CoreWorkload
recordcount=1000
operationcount=1000
readallfields=true
readproportion=0.0
updateproportion=0.0
scanproportion=0.963
insertproportion=0.037
requestdistribution=zipfian
